// Jest Snapshot v1, https://goo.gl/fbAQLP

exports[`manuscript dependencies loads bundled dependencies 1`] = `
Array [
  Object {
    "_id": "MPContributorRole:credit-conceptualization",
    "bundled": true,
    "desc": "Ideas; formulation or evolution of overarching research goals and aims.",
    "name": "Conceptualization",
    "objectType": "MPContributorRole",
    "uri": "https://dictionary.casrai.org/Contributor_Roles/Conceptualization",
  },
  Object {
    "_id": "MPContributorRole:credit-data-curation",
    "bundled": true,
    "desc": "Management activities to annotate (produce metadata), scrub data and maintain research data (including software code, where it is necessary for interpreting the data itself) for initial use and later re-use.",
    "name": "Data curation",
    "objectType": "MPContributorRole",
    "uri": "https://dictionary.casrai.org/Contributor_Roles/Data_curation",
  },
  Object {
    "_id": "MPContributorRole:credit-formal-analysis",
    "bundled": true,
    "desc": "Application of statistical, mathematical, computational, or other formal techniques to analyze or synthesize study data.",
    "name": "Formal analysis",
    "objectType": "MPContributorRole",
    "uri": "https://dictionary.casrai.org/Contributor_Roles/Formal_analysis",
  },
  Object {
    "_id": "MPContributorRole:credit-funding-acquisition",
    "bundled": true,
    "desc": "Acquisition of the financial support for the project leading to this publication.",
    "name": "Funding acquisition",
    "objectType": "MPContributorRole",
    "uri": "https://dictionary.casrai.org/Contributor_Roles/Funding_acquisition",
  },
  Object {
    "_id": "MPContributorRole:credit-investigation",
    "bundled": true,
    "desc": "Conducting a research and investigation process, specifically performing the experiments, or data/evidence collection.",
    "name": "Investigation",
    "objectType": "MPContributorRole",
    "uri": "https://dictionary.casrai.org/Contributor_Roles/Investigation",
  },
  Object {
    "_id": "MPContributorRole:credit-methodology",
    "bundled": true,
    "desc": "Development or design of methodology; creation of models.",
    "name": "Methodology",
    "objectType": "MPContributorRole",
    "uri": "https://dictionary.casrai.org/Contributor_Roles/Methodology",
  },
  Object {
    "_id": "MPContributorRole:credit-project-administration",
    "bundled": true,
    "desc": "Management and coordination responsibility for the research activity planning and execution.",
    "name": "Project administration",
    "objectType": "MPContributorRole",
    "uri": "https://dictionary.casrai.org/Contributor_Roles/Project_administration",
  },
  Object {
    "_id": "MPContributorRole:credit-resources",
    "bundled": true,
    "desc": "Provision of study materials, reagents, materials, patients, laboratory samples, animals, instrumentation, computing resources, or other analysis tools.",
    "name": "Resources",
    "objectType": "MPContributorRole",
    "uri": "https://dictionary.casrai.org/Contributor_Roles/Resources",
  },
  Object {
    "_id": "MPContributorRole:credit-software",
    "bundled": true,
    "desc": "Programming, software development; designing computer programs; implementation of the computer code and supporting algorithms; testing of existing code components.",
    "name": "Software",
    "objectType": "MPContributorRole",
    "uri": "https://dictionary.casrai.org/Contributor_Roles/Software",
  },
  Object {
    "_id": "MPContributorRole:credit-supervision",
    "bundled": true,
    "desc": "Oversight and leadership responsibility for the research activity planning and execution, including mentorship external to the core team.",
    "name": "Supervision",
    "objectType": "MPContributorRole",
    "uri": "https://dictionary.casrai.org/Contributor_Roles/Supervision",
  },
  Object {
    "_id": "MPContributorRole:credit-validation",
    "bundled": true,
    "desc": "Verification, whether as a part of the activity or separate, of the overall replication/reproducibility of results/experiments and other research outputs.",
    "name": "Validation",
    "objectType": "MPContributorRole",
    "uri": "https://dictionary.casrai.org/Contributor_Roles/Validation",
  },
  Object {
    "_id": "MPContributorRole:credit-visualization",
    "bundled": true,
    "desc": "Preparation, creation and/or presentation of the published work, specifically visualization/data presentation.",
    "name": "Visualization",
    "objectType": "MPContributorRole",
    "uri": "https://dictionary.casrai.org/Contributor_Roles/Visualization",
  },
  Object {
    "_id": "MPContributorRole:credit-writing-original-draft",
    "bundled": true,
    "desc": "Preparation, creation and/or presentation of the published work, specifically writing the initial draft (including substantive translation).",
    "name": "Writing – original draft",
    "objectType": "MPContributorRole",
    "uri": "https://dictionary.casrai.org/Contributor_Roles/Writing_%E2%80%93_original_draft",
  },
  Object {
    "_id": "MPContributorRole:credit-writing-review-editing",
    "bundled": true,
    "desc": "Preparation, creation and/or presentation of the published work by those from the original research group, specifically critical review, commentary or revision – including pre- or post-publication stages.",
    "name": "Writing – review & editing",
    "objectType": "MPContributorRole",
    "uri": "https://dictionary.casrai.org/Contributor_Roles/Writing_%E2%80%93_review_%26_editing",
  },
  Object {
    "_id": "MPStatusLabel:completed",
    "bundled": true,
    "name": "Completed",
    "objectType": "MPStatusLabel",
    "priority": 3,
  },
  Object {
    "_id": "MPStatusLabel:doing",
    "bundled": true,
    "name": "Doing",
    "objectType": "MPStatusLabel",
    "priority": 2,
  },
  Object {
    "_id": "MPStatusLabel:todo",
    "bundled": true,
    "name": "To Do",
    "objectType": "MPStatusLabel",
    "priority": 1,
  },
  Object {
    "_id": "MPPageLayout:defaultA4",
    "beginChaptersOnRightHandPages": true,
    "bottomMargin": 20,
    "bundled": true,
    "defaultParagraphStyle": "MPParagraphStyle:bodyText",
    "displayUnits": "mm",
    "embeddedNumberingStyle": Object {
      "_id": "MPNumberingStyle:CB6FF724-7F91-454A-9A3C-30293471E039",
      "numberingScheme": "decimal",
      "objectType": "MPNumberingStyle",
      "prefix": "[",
      "priority": 99,
      "startIndex": 1,
      "suffix": "]",
    },
    "leftMargin": 20,
    "mirrorPagesHorizontally": true,
    "objectType": "MPPageLayout",
    "pageSize": "a4",
    "rightMargin": 20,
    "topMargin": 20,
  },
  Object {
    "_id": "MPBorderStyle:EBBB68B9-16A9-4EA2-8817-43755FF1B7A1",
    "bundled": true,
    "name": "solid",
    "objectType": "MPBorderStyle",
    "priority": 10,
    "title": "Solid",
  },
  Object {
    "_id": "MPBorderStyle:E28AA90C-4379-434F-AF58-E2D8C8ED1EB4",
    "bundled": true,
    "name": "dashed",
    "objectType": "MPBorderStyle",
    "pattern": Array [
      2,
      2,
    ],
    "priority": 20,
    "title": "Dashed",
  },
  Object {
    "_id": "MPBorderStyle:00FD8810-B85D-4FC5-8C23-8022A36E07BD",
    "bundled": true,
    "name": "dotted",
    "objectType": "MPBorderStyle",
    "pattern": Array [
      1,
      1,
    ],
    "priority": 30,
    "title": "Dotted",
  },
  Object {
    "_id": "MPBorderStyle:16583262-A260-4E35-A508-3F960F70074F",
    "bundled": true,
    "doubleLines": true,
    "name": "double",
    "objectType": "MPBorderStyle",
    "priority": 40,
    "title": "Double Lines",
  },
  Object {
    "_id": "MPColor:black",
    "bundled": true,
    "name": "black",
    "objectType": "MPColor",
    "priority": 10,
    "title": "Black",
    "value": "#000000",
  },
  Object {
    "_id": "MPColor:gray",
    "bundled": true,
    "name": "gray",
    "objectType": "MPColor",
    "priority": 20,
    "title": "Gray",
    "value": "#b0b0b0",
  },
  Object {
    "_id": "MPColor:lightgray",
    "bundled": true,
    "name": "lightgray",
    "objectType": "MPColor",
    "priority": 30,
    "title": "Light Gray",
    "value": "#E2E2E2",
  },
  Object {
    "_id": "MPColor:verylightgray",
    "bundled": true,
    "name": "verylightgray",
    "objectType": "MPColor",
    "priority": 40,
    "title": "Very Light Gray",
    "value": "#f4f4f4",
  },
  Object {
    "_id": "MPColor:verylightblue",
    "bundled": true,
    "name": "verylightblue",
    "objectType": "MPColor",
    "priority": 50,
    "title": "Very Light Blue",
    "value": "#f0f0ff",
  },
  Object {
    "_id": "MPColor:white",
    "bundled": true,
    "name": "white",
    "objectType": "MPColor",
    "priority": 100,
    "title": "White",
    "value": "#ffffff",
  },
  Object {
    "_id": "MPColor:lightblue",
    "bundled": true,
    "name": "lightblue",
    "objectType": "MPColor",
    "priority": 110,
    "title": "Light Blue",
    "value": "#ddf3fa",
  },
  Object {
    "_id": "MPColor:blue",
    "bundled": true,
    "name": "blue",
    "objectType": "MPColor",
    "priority": 120,
    "title": "Blue",
    "value": "#1A9BC7",
  },
  Object {
    "_id": "MPColor:orange",
    "bundled": true,
    "name": "orange",
    "objectType": "MPColor",
    "priority": 130,
    "title": "Orange",
    "value": "#FE8F1F",
  },
  Object {
    "_id": "MPColor:purple",
    "bundled": true,
    "name": "purple",
    "objectType": "MPColor",
    "priority": 140,
    "title": "Purple",
    "value": "#B3A1FC",
  },
  Object {
    "_id": "MPColor:teagreen",
    "bundled": true,
    "name": "teagreen",
    "objectType": "MPColor",
    "priority": 150,
    "title": "Tea Green",
    "value": "#D5FFC4",
  },
  Object {
    "_id": "MPColor:pink",
    "bundled": true,
    "name": "pink",
    "objectType": "MPColor",
    "priority": 160,
    "title": "Pink",
    "value": "#F5C1B7",
  },
  Object {
    "_id": "MPColor:darkpink",
    "bundled": true,
    "name": "darkpink",
    "objectType": "MPColor",
    "priority": 170,
    "title": "Dark Pink",
    "value": "#F474AE",
  },
  Object {
    "_id": "MPColor:green",
    "bundled": true,
    "name": "green",
    "objectType": "MPColor",
    "priority": 180,
    "title": "Green",
    "value": "#8DD439",
  },
  Object {
    "_id": "MPColor:yellow",
    "bundled": true,
    "name": "yellow",
    "objectType": "MPColor",
    "priority": 190,
    "title": "Yellow",
    "value": "#FFFCDB",
  },
  Object {
    "_id": "MPColor:red",
    "bundled": true,
    "name": "red",
    "objectType": "MPColor",
    "priority": 200,
    "title": "Red",
    "value": "#F35143",
  },
  Object {
    "_id": "MPColorScheme:default",
    "bundled": true,
    "colors": Array [
      "MPColor:black",
      "MPColor:gray",
      "MPColor:verylightgray",
      "MPColor:verylightblue",
      "MPColor:white",
      "MPColor:red",
      "MPColor:lightblue",
      "MPColor:orange",
      "MPColor:purple",
      "MPColor:teagreen",
      "MPColor:pink",
      "MPColor:darkpink",
      "MPColor:green",
      "MPColor:blue",
      "MPColor:lightgray",
      "MPColor:yellow",
    ],
    "name": "Manuscripts default colour scheme",
    "objectType": "MPColorScheme",
  },
  Object {
    "_id": "MPTableStyle:default",
    "bodyBackgroundAlternateColor": "MPColor:white",
    "bodyBackgroundColor": "MPColor:white",
    "bodyColumnSeparatorBorder": Object {
      "_id": "MPBorder:EBB5D0B3-A9FE-49B3-ADAD-2CC5851D91F9",
      "color": "MPColor:black",
      "objectType": "MPBorder",
      "style": "MPBorderStyle:00FD8810-B85D-4FC5-8C23-8022A36E07BD",
      "width": 1,
    },
    "bundled": true,
    "footerBackgroundColor": "MPColor:white",
    "footerBottomBorder": Object {
      "_id": "MPBorder:EC933CA4-ABBB-49D0-A2EF-4B0B2D1DA786",
      "color": "MPColor:black",
      "objectType": "MPBorder",
      "style": "MPBorderStyle:EBBB68B9-16A9-4EA2-8817-43755FF1B7A1",
      "width": 1,
    },
    "footerTopBorder": Object {
      "_id": "MPBorder:2338AB83-D20B-4118-8C38-D0F330E85F23",
      "color": "MPColor:black",
      "objectType": "MPBorder",
      "style": "MPBorderStyle:EBBB68B9-16A9-4EA2-8817-43755FF1B7A1",
      "width": 1,
    },
    "footerTopSpacing": 3,
    "headerBackgroundColor": "MPColor:verylightgray",
    "headerBottomBorder": Object {
      "_id": "MPBorder:EB6A90B8-E464-4016-A6E7-90F704EC63C2",
      "color": "MPColor:black",
      "objectType": "MPBorder",
      "style": "MPBorderStyle:EBBB68B9-16A9-4EA2-8817-43755FF1B7A1",
      "width": 1,
    },
    "headerBottomSpacing": 3,
    "headerTopBorder": Object {
      "_id": "MPBorder:6BC92907-B7DF-4542-84CF-1456246EFEA9",
      "color": "MPColor:black",
      "objectType": "MPBorder",
      "style": "MPBorderStyle:EBBB68B9-16A9-4EA2-8817-43755FF1B7A1",
      "width": 2,
    },
    "name": "default",
    "objectType": "MPTableStyle",
    "priority": 10,
    "title": "Default Table Style",
  },
  Object {
    "_id": "MPParagraphStyle:manuscriptTitle",
    "alignment": "left",
    "bottomSpacing": 10,
    "bundled": true,
    "firstLineIndent": 0,
    "headIndent": 0,
    "kind": "title",
    "lineSpacing": 1.5,
    "name": "manuscriptTitle",
    "nextStyle": "MPParagraphStyle:bodyText",
    "objectType": "MPParagraphStyle",
    "partOfTOC": false,
    "preferredXHTMLElement": "h1",
    "priority": 19,
    "tailIndent": 0,
    "textStyling": Object {
      "_id": "MPTextStyling:BBA06E82-F724-419F-A81E-1886644AA4B9",
      "bold": true,
      "color": "MPColor:black",
      "fontFamily": "Charter",
      "fontSize": 20,
      "italic": false,
      "objectType": "MPTextStyling",
    },
    "title": "Manuscript Title",
    "topSpacing": 10,
  },
  Object {
    "_id": "MPParagraphStyle:H1",
    "alignment": "left",
    "bottomSpacing": 5,
    "bundled": true,
    "firstLineIndent": 0,
    "headIndent": 0,
    "kind": "heading",
    "lineSpacing": 1.5,
    "name": "heading1",
    "nextStyle": "MPParagraphStyle:bodyText",
    "objectType": "MPParagraphStyle",
    "partOfTOC": true,
    "preferredXHTMLElement": "h1",
    "priority": 20,
    "tailIndent": 0,
    "textStyling": Object {
      "_id": "MPTextStyling:2E2D93EB-2474-4494-AD92-B5EAD46A38BE",
      "bold": true,
      "color": "MPColor:black",
      "fontFamily": "Charter",
      "fontSize": 16,
      "italic": false,
      "objectType": "MPTextStyling",
    },
    "title": "Section Heading",
    "topSpacing": 8,
  },
  Object {
    "_id": "MPParagraphStyle:H2",
    "alignment": "left",
    "bottomSpacing": 5,
    "bundled": true,
    "firstLineIndent": 0,
    "headIndent": 0,
    "kind": "heading",
    "lineSpacing": 1.5,
    "name": "heading2",
    "nextStyle": "MPParagraphStyle:bodyText",
    "objectType": "MPParagraphStyle",
    "partOfTOC": true,
    "preferredXHTMLElement": "h2",
    "priority": 21,
    "tailIndent": 0,
    "textStyling": Object {
      "_id": "MPTextStyling:0A37ACFF-1D8A-4068-ABD0-0594C99C8EE0",
      "bold": true,
      "color": "MPColor:black",
      "fontFamily": "Charter",
      "fontSize": 14,
      "italic": false,
      "objectType": "MPTextStyling",
    },
    "title": "Subsection Heading",
    "topSpacing": 8,
  },
  Object {
    "_id": "MPParagraphStyle:H3",
    "alignment": "left",
    "bottomSpacing": 5,
    "bundled": true,
    "firstLineIndent": 0,
    "headIndent": 0,
    "kind": "heading",
    "lineSpacing": 1.5,
    "name": "heading3",
    "nextStyle": "MPParagraphStyle:bodyText",
    "objectType": "MPParagraphStyle",
    "partOfTOC": false,
    "preferredXHTMLElement": "h3",
    "priority": 22,
    "tailIndent": 0,
    "textStyling": Object {
      "_id": "MPTextStyling:055123F5-3704-49FE-B59B-D801598C67C4",
      "bold": true,
      "color": "MPColor:black",
      "fontFamily": "Charter",
      "fontSize": 12,
      "italic": false,
      "objectType": "MPTextStyling",
    },
    "title": "Subsubsection Heading",
    "topSpacing": 8,
  },
  Object {
    "_id": "MPParagraphStyle:H4",
    "alignment": "left",
    "bottomSpacing": 5,
    "bundled": true,
    "firstLineIndent": 0,
    "headIndent": 0,
    "kind": "heading",
    "lineSpacing": 1.5,
    "name": "heading4",
    "nextStyle": "MPParagraphStyle:bodyText",
    "objectType": "MPParagraphStyle",
    "partOfTOC": false,
    "preferredXHTMLElement": "h4",
    "priority": 23,
    "tailIndent": 0,
    "textStyling": Object {
      "_id": "MPTextStyling:A3F0EF28-7A3F-4208-9205-5BD3FF8C1066",
      "bold": true,
      "color": "MPColor:black",
      "fontFamily": "Charter",
      "fontSize": 12,
      "italic": false,
      "objectType": "MPTextStyling",
    },
    "title": "Subsubsubsection Heading",
    "topSpacing": 8,
  },
  Object {
    "_id": "MPParagraphStyle:H5",
    "alignment": "left",
    "bottomSpacing": 5,
    "bundled": true,
    "firstLineIndent": 0,
    "headIndent": 0,
    "kind": "heading",
    "lineSpacing": 1.5,
    "name": "heading5",
    "nextStyle": "MPParagraphStyle:bodyText",
    "objectType": "MPParagraphStyle",
    "partOfTOC": false,
    "preferredXHTMLElement": "h5",
    "priority": 24,
    "tailIndent": 0,
    "textStyling": Object {
      "_id": "MPTextStyling:6094A8B5-2751-489F-B4A5-699E54B57DC3",
      "bold": true,
      "color": "MPColor:black",
      "fontFamily": "Charter",
      "fontSize": 12,
      "italic": false,
      "objectType": "MPTextStyling",
    },
    "title": "Subsubsubsubsection Heading",
    "topSpacing": 8,
  },
  Object {
    "_id": "MPParagraphStyle:H6",
    "alignment": "left",
    "bottomSpacing": 5,
    "bundled": true,
    "firstLineIndent": 0,
    "headIndent": 0,
    "kind": "heading",
    "lineSpacing": 1.5,
    "name": "heading6",
    "nextStyle": "MPParagraphStyle:bodyText",
    "objectType": "MPParagraphStyle",
    "partOfTOC": false,
    "preferredXHTMLElement": "h6",
    "priority": 25,
    "tailIndent": 0,
    "textStyling": Object {
      "_id": "MPTextStyling:5507294C-AD8D-48EC-B86A-A4E5AE6C34D5",
      "bold": true,
      "color": "MPColor:black",
      "fontFamily": "Charter",
      "fontSize": 10,
      "italic": false,
      "objectType": "MPTextStyling",
    },
    "title": "Subsubsubsubsubsection Heading",
    "topSpacing": 8,
  },
  Object {
    "_id": "MPParagraphStyle:bodyText",
    "alignment": "left",
    "bottomSpacing": 10,
    "bundled": true,
    "embeddedListItemBulletStyles": Object {
      "1": Object {
        "_id": "MPListItemBulletStyle:0E9110F4-8426-4B66-B97A-9053CFC9C77A",
        "bulletStyle": "disc",
        "objectType": "MPListItemBulletStyle",
      },
      "2": Object {
        "_id": "MPListItemBulletStyle:1066DC6B-704F-4CA0-B807-72F461F5E0BA",
        "bulletStyle": "circle",
        "objectType": "MPListItemBulletStyle",
      },
    },
    "embeddedListItemNumberingStyles": Object {
      "1": Object {
        "_id": "MPNumberingStyle:5A479546-C898-4C4B-9836-202EA34332A8",
        "numberingScheme": "decimal",
        "objectType": "MPNumberingStyle",
        "prefix": "",
        "startIndex": 1,
        "suffix": ".",
      },
      "2": Object {
        "_id": "MPNumberingStyle:BE16BD50-9F21-49A7-8F66-15011A3DBCEE",
        "numberingScheme": "decimal",
        "objectType": "MPNumberingStyle",
        "prefix": "",
        "startIndex": 1,
        "suffix": ".",
      },
      "3": Object {
        "_id": "MPNumberingStyle:5AC47239-EDA2-4314-8BE5-8A5399F379DF",
        "numberingScheme": "decimal",
        "objectType": "MPNumberingStyle",
        "prefix": "",
        "startIndex": 1,
        "suffix": ".",
      },
    },
    "firstLineIndent": 0,
    "headIndent": 0,
    "hideListNumberingSuffixForLastLevel": true,
    "hierarchicalListNumbering": false,
    "kind": "body",
    "lineSpacing": 2,
    "listHeadIndent": 30,
    "listItemIndentPerLevel": 30,
    "listTailIndent": 0,
    "name": "bodyText",
    "nextStyle": "MPParagraphStyle:bodyText",
    "objectType": "MPParagraphStyle",
    "partOfTOC": false,
    "preferredXHTMLElement": "p",
    "priority": 10,
    "tailIndent": 0,
    "textStyling": Object {
      "_id": "MPTextStyling:A6E169AC-4610-44C6-A979-7FD95AE787CC",
      "bold": false,
      "color": "MPColor:black",
      "fontFamily": "Charter",
      "fontSize": 12,
      "italic": false,
      "objectType": "MPTextStyling",
    },
    "title": "Body Text",
    "topSpacing": 10,
  },
  Object {
    "_id": "MPParagraphStyle:contributorList",
    "alignment": "left",
    "bottomSpacing": 10,
    "bundled": true,
    "firstLineIndent": 0,
    "headIndent": 0,
    "kind": "title",
    "lineSpacing": 1.5,
    "name": "contributorList",
    "nextStyle": "MPParagraphStyle:bodyText",
    "objectType": "MPParagraphStyle",
    "partOfTOC": false,
    "preferredXHTMLElement": "p",
    "priority": 20,
    "tailIndent": 0,
    "textStyling": Object {
      "_id": "MPTextStyling:E430B8EE-411D-4218-82E3-C30269D1803A",
      "bold": false,
      "color": "MPColor:black",
      "fontFamily": "Charter",
      "fontSize": 12,
      "italic": false,
      "objectType": "MPTextStyling",
    },
    "title": "Author List",
    "topSpacing": 10,
  },
  Object {
    "_id": "MPParagraphStyle:toc",
    "alignment": "left",
    "bottomSpacing": 10,
    "bundled": true,
    "embeddedListItemBulletStyles": Object {
      "1": Object {
        "_id": "MPListItemBulletStyle:DD563297-776A-42C6-9408-21501DD0B0AC",
        "bulletStyle": "none",
        "objectType": "MPListItemBulletStyle",
      },
      "2": Object {
        "_id": "MPListItemBulletStyle:EC293DED-80AD-414C-9988-9EF62A9A4EF4",
        "bulletStyle": "none",
        "objectType": "MPListItemBulletStyle",
      },
    },
    "embeddedListItemNumberingStyles": Object {
      "1": Object {
        "_id": "MPNumberingStyle:43D2A1BA-0ED9-4B8E-8C29-265B17B9F1DD",
        "numberingScheme": "none",
        "objectType": "MPNumberingStyle",
        "prefix": "",
        "startIndex": 1,
        "suffix": ".",
      },
      "2": Object {
        "_id": "MPNumberingStyle:9D6F6970-0273-4C53-BC7A-8B2FAA784D4A",
        "numberingScheme": "none",
        "objectType": "MPNumberingStyle",
        "prefix": "",
        "startIndex": 1,
        "suffix": ".",
      },
      "3": Object {
        "_id": "MPNumberingStyle:AAB86A8A-5D9D-4C37-995F-F0226E22E10D",
        "numberingScheme": "none",
        "objectType": "MPNumberingStyle",
        "prefix": "",
        "startIndex": 1,
        "suffix": ".",
      },
    },
    "firstLineIndent": 0,
    "headIndent": 0,
    "hideListNumberingSuffixForLastLevel": true,
    "hierarchicalListNumbering": false,
    "kind": "body",
    "lineSpacing": 2,
    "listHeadIndent": 30,
    "listItemIndentPerLevel": 30,
    "listTailIndent": 0,
    "name": "bodyText",
    "nextStyle": "MPParagraphStyle:bodyText",
    "objectType": "MPParagraphStyle",
    "partOfTOC": false,
    "preferredXHTMLElement": "p",
    "priority": 20,
    "tailIndent": 0,
    "textStyling": Object {
      "_id": "MPTextStyling:2E79D76D-CAC1-492F-8709-DAD9FD369B8B",
      "bold": false,
      "color": "MPColor:black",
      "fontFamily": "Charter",
      "fontSize": 12,
      "italic": false,
      "objectType": "MPTextStyling",
    },
    "title": "Table of Contents",
    "topSpacing": 10,
  },
  Object {
    "_id": "MPParagraphStyle:footnote",
    "alignment": "left",
    "bottomSpacing": 10,
    "bundled": true,
    "embeddedListItemBulletStyles": Object {
      "1": Object {
        "_id": "MPListItemBulletStyle:0E9110F4-8426-4B66-B97A-9053CFC9C77A",
        "bulletStyle": "disc",
        "objectType": "MPListItemBulletStyle",
      },
      "2": Object {
        "_id": "MPListItemBulletStyle:1066DC6B-704F-4CA0-B807-72F461F5E0BA",
        "bulletStyle": "circle",
        "objectType": "MPListItemBulletStyle",
      },
    },
    "embeddedListItemNumberingStyles": Object {
      "1": Object {
        "_id": "MPNumberingStyle:5A479546-C898-4C4B-9836-202EA34332A8",
        "numberingScheme": "decimal",
        "objectType": "MPNumberingStyle",
        "prefix": "",
        "startIndex": 1,
        "suffix": ".",
      },
      "2": Object {
        "_id": "MPNumberingStyle:BE16BD50-9F21-49A7-8F66-15011A3DBCEE",
        "numberingScheme": "decimal",
        "objectType": "MPNumberingStyle",
        "prefix": "",
        "startIndex": 1,
        "suffix": ".",
      },
      "3": Object {
        "_id": "MPNumberingStyle:5AC47239-EDA2-4314-8BE5-8A5399F379DF",
        "numberingScheme": "decimal",
        "objectType": "MPNumberingStyle",
        "prefix": "",
        "startIndex": 1,
        "suffix": ".",
      },
    },
    "firstLineIndent": 0,
    "headIndent": 0,
    "hideListNumberingSuffixForLastLevel": true,
    "hierarchicalListNumbering": false,
    "kind": "footnote",
    "lineSpacing": 2,
    "listHeadIndent": 30,
    "listItemIndentPerLevel": 30,
    "listTailIndent": 0,
    "name": "footnote",
    "nextStyle": "MPParagraphStyle:footnote",
    "objectType": "MPParagraphStyle",
    "partOfTOC": false,
    "preferredXHTMLElement": "p",
    "priority": 100,
    "tailIndent": 0,
    "textStyling": Object {
      "_id": "MPTextStyling:A6E169AC-4610-44C6-A979-7FD95AE787CC",
      "bold": false,
      "color": "MPColor:black",
      "fontFamily": "Charter",
      "fontSize": 10,
      "italic": false,
      "objectType": "MPTextStyling",
    },
    "title": "Footnote",
    "topSpacing": 10,
  },
  Object {
    "_id": "MPParagraphStyle:listing",
    "alignment": "left",
    "bottomSpacing": 10,
    "bundled": true,
    "firstLineIndent": 0,
    "headIndent": 0,
    "kind": "listing",
    "lineSpacing": 1.5,
    "name": "listing",
    "nextStyle": "MPParagraphStyle:listing",
    "objectType": "MPParagraphStyle",
    "partOfTOC": false,
    "preferredXHTMLElement": "pre",
    "priority": 110,
    "tailIndent": 0,
    "textStyling": Object {
      "_id": "MPTextStyling:38ED2127-F6B6-4465-B739-09A3701A832D",
      "bold": false,
      "color": "MPColor:black",
      "fontFamily": "Menlo",
      "fontSize": 11,
      "italic": false,
      "objectType": "MPTextStyling",
    },
    "title": "Listing",
    "topSpacing": 10,
  },
  Object {
    "_id": "MPFigureStyle:default",
    "bundled": true,
    "captionPosition": "below",
    "innerBorder": Object {
      "_id": "MPBorder:0FFF4CDC-9D5C-4B7D-A606-F0374354FB7F",
      "color": "MPColor:black",
      "objectType": "MPBorder",
      "style": "MPBorderStyle:EBBB68B9-16A9-4EA2-8817-43755FF1B7A1",
      "width": 0,
    },
    "name": "default",
    "objectType": "MPFigureStyle",
    "outerBorder": Object {
      "_id": "MPBorder:0FFF4CDC-9D5C-4B7D-A606-F0374354FB7F",
      "objectType": "MPBorder",
      "width": 0,
    },
    "preferredXHTMLElement": "figure",
    "priority": 10,
    "title": "Default",
  },
  Object {
    "_id": "MPCaptionStyle:default",
    "bundled": true,
    "embeddedCaptionComponents": Array [
      Object {
        "_id": "MPStyleableStringComponent:E43EAFE4-7C81-468E-BF88-8CEF41435062",
        "bold": true,
        "italic": false,
        "objectType": "MPStyleableStringComponent",
        "placeholderString": "\${kind} \${elementIndex}:",
      },
      Object {
        "_id": "MPStyleableStringComponent:A6F4C1B4-597F-4206-A21A-4CA60F6C7A2E",
        "bold": false,
        "editable": true,
        "italic": false,
        "objectType": "MPStyleableStringComponent",
        "placeholderString": "\${caption}",
      },
    ],
    "embeddedFigureTitleComponents": Array [
      Object {
        "_id": "MPStyleableStringComponent:E5CB691A-EE39-41BD-8D78-22E02BD7782A",
        "bold": true,
        "italic": false,
        "objectType": "MPStyleableStringComponent",
        "placeholderString": "\${figureIndex}. ",
      },
      Object {
        "_id": "MPStyleableStringComponent:9E4DDC68-4667-49C8-9F3E-600E0258A53A",
        "bold": false,
        "editable": true,
        "italic": false,
        "objectType": "MPStyleableStringComponent",
        "placeholderString": "\${title}",
      },
    ],
    "figureTitleNumberingScheme": "decimal",
    "name": "default",
    "objectType": "MPCaptionStyle",
    "priority": 10,
    "title": "Default",
  },
  Object {
    "_id": "MPAuxiliaryObjectReferenceStyle:default",
    "bundled": true,
    "embeddedReferenceStringComponents": Array [
      Object {
        "_id": "MPStyleableStringComponent:B8CF9955-0956-4114-AAC7-F9C6CC99688F",
        "bold": true,
        "italic": false,
        "objectType": "MPStyleableStringComponent",
        "placeholderString": "\${kind} \${elementIndex}",
      },
    ],
    "name": "default",
    "objectType": "MPAuxiliaryObjectReferenceStyle",
    "priority": 10,
    "title": "Default",
  },
  Object {
    "_id": "MPFigureLayout:default",
    "bundled": true,
    "columns": 1,
    "name": "default",
    "objectType": "MPFigureLayout",
    "priority": 10,
    "rows": 1,
    "title": "Single Figure",
  },
  Object {
    "_id": "MPFigureLayout:two_figures",
    "bundled": true,
    "columns": 2,
    "name": "two_figures",
    "objectType": "MPFigureLayout",
    "priority": 20,
    "rows": 1,
    "title": "Two Figures Side by Side",
  },
  Object {
    "_id": "MPFigureLayout:two_figures_stacked",
    "bundled": true,
    "columns": 1,
    "name": "two_figures_stacked",
    "objectType": "MPFigureLayout",
    "priority": 25,
    "rows": 2,
    "title": "Two Figures Stacked",
  },
  Object {
    "_id": "MPFigureLayout:three_figures",
    "bundled": true,
    "columns": 3,
    "name": "three_figures",
    "objectType": "MPFigureLayout",
    "priority": 30,
    "rows": 1,
    "title": "Three Figures in a Row",
  },
  Object {
    "_id": "MPFigureLayout:three_figures_stacked",
    "bundled": true,
    "columns": 1,
    "name": "three_figures_stacked",
    "objectType": "MPFigureLayout",
    "priority": 35,
    "rows": 3,
    "title": "Three Figures Stacked",
  },
  Object {
    "_id": "MPFigureLayout:four_figures",
    "bundled": true,
    "columns": 2,
    "name": "four_figures",
    "objectType": "MPFigureLayout",
    "priority": 40,
    "rows": 2,
    "title": "Four Figures (2×2)",
  },
  Object {
    "_id": "MPFigureLayout:3_by_2",
    "bundled": true,
    "columns": 3,
    "name": "3_by_2",
    "objectType": "MPFigureLayout",
    "priority": 60,
    "rows": 2,
    "title": "Six Figures (3×2)",
  },
  Object {
    "_id": "MPFigureLayout:2_by_3",
    "bundled": true,
    "columns": 2,
    "name": "2_by_3",
    "objectType": "MPFigureLayout",
    "priority": 65,
    "rows": 3,
    "title": "Six Figures (2×3)",
  },
  Object {
    "_id": "MPFigureLayout:nine_figures",
    "bundled": true,
    "columns": 3,
    "name": "nine_figures",
    "objectType": "MPFigureLayout",
    "priority": 90,
    "rows": 3,
    "title": "Nine Figures (3×3)",
  },
]
`;
