// Jest Snapshot v1, https://goo.gl/fbAQLP

exports[`TEI GROBID importer parses TEI GROBID XML to Manuscripts models 1`] = `
Array [
  Object {
    "objectType": "MPManuscript",
    "title": "The ultralong-acting intraocular pressure reduction produced by JV-GL1 is mediated entirely by prostanoid EP2 receptors, according to gene deletion",
  },
  Object {
    "affiliations": Array [],
    "bibliographicName": Object {
      "family": "Bertrand",
      "given": "Jacques",
      "objectType": "MPBibliographicName",
    },
    "objectType": "MPContributor",
    "priority": 1,
    "role": "author",
  },
  Object {
    "affiliations": Array [],
    "bibliographicName": Object {
      "family": "Woodward",
      "given": "David",
      "objectType": "MPBibliographicName",
    },
    "objectType": "MPContributor",
    "priority": 1,
    "role": "author",
  },
  Object {
    "affiliations": Array [],
    "bibliographicName": Object {
      "family": "Sherwood",
      "given": "Joseph",
      "objectType": "MPBibliographicName",
    },
    "objectType": "MPContributor",
    "priority": 1,
    "role": "author",
  },
  Object {
    "affiliations": Array [],
    "bibliographicName": Object {
      "family": "Coleman",
      "given": "Robert",
      "objectType": "MPBibliographicName",
    },
    "objectType": "MPContributor",
    "priority": 1,
    "role": "author",
  },
  Object {
    "affiliations": Array [],
    "bibliographicName": Object {
      "family": "Wang",
      "given": "Jenny",
      "objectType": "MPBibliographicName",
    },
    "objectType": "MPContributor",
    "priority": 1,
    "role": "author",
  },
  Object {
    "affiliations": Array [],
    "bibliographicName": Object {
      "family": "Overby",
      "given": "Darryl",
      "objectType": "MPBibliographicName",
    },
    "objectType": "MPContributor",
    "priority": 1,
    "role": "author",
  },
  Object {
    "author": Array [
      Object {
        "family": "Agrahari",
        "given": "Vibhuti",
        "objectType": "MPBibliographicName",
      },
      Object {
        "family": "Li",
        "given": "Guorong",
        "objectType": "MPBibliographicName",
      },
      Object {
        "family": "Agrahari",
        "given": "Vivek",
        "objectType": "MPBibliographicName",
      },
      Object {
        "family": "Navarro",
        "given": "Iris",
        "objectType": "MPBibliographicName",
      },
      Object {
        "family": "Perkumas",
        "given": "Kristin",
        "objectType": "MPBibliographicName",
      },
      Object {
        "family": "Mandal",
        "given": "Abhirup",
        "objectType": "MPBibliographicName",
      },
      Object {
        "family": "Stamer",
        "given": "W",
        "objectType": "MPBibliographicName",
      },
      Object {
        "family": "Mitra",
        "given": "Ashim",
        "objectType": "MPBibliographicName",
      },
    ],
    "objectType": "MPBibliographyItem",
    "source": "Nanomedicine",
    "title": "Pentablock copolymer dexamethasone nanoformulations elevate MYOC: in vitro liberation, activity and safety in human trabecular meshwork cells",
    "type": "article-journal",
    "volume": "",
  },
  Object {
    "author": Array [
      Object {
        "family": "Boland",
        "given": "Michael",
        "objectType": "MPBibliographicName",
      },
      Object {
        "family": "Chang",
        "given": "Dolly",
        "objectType": "MPBibliographicName",
      },
      Object {
        "family": "Frazier",
        "given": "Travis",
        "objectType": "MPBibliographicName",
      },
      Object {
        "family": "Plyler",
        "given": "Ryan",
        "objectType": "MPBibliographicName",
      },
      Object {
        "family": "Friedman",
        "given": "David",
        "objectType": "MPBibliographicName",
      },
    ],
    "objectType": "MPBibliographyItem",
    "source": "JAMA Ophthalmology",
    "title": "Electronic Monitoring to Assess Adherence With Once-Daily Glaucoma Medications and Risk Factors for Nonadherence",
    "type": "article-journal",
    "volume": "",
  },
  Object {
    "author": Array [
      Object {
        "family": "Caprioli",
        "given": "J",
        "objectType": "MPBibliographicName",
      },
      Object {
        "family": "Sears",
        "given": "M",
        "objectType": "MPBibliographicName",
      },
      Object {
        "family": "Bausher",
        "given": "L",
        "objectType": "MPBibliographicName",
      },
      Object {
        "family": "Gregory",
        "given": "D",
        "objectType": "MPBibliographicName",
      },
      Object {
        "family": "Mead",
        "given": "A",
        "objectType": "MPBibliographicName",
      },
    ],
    "objectType": "MPBibliographyItem",
    "source": "Investigative Ophthalmology and Visual Science",
    "title": "Forskolin lowers intraocular pressure by reducing aqueous inflow",
    "type": "article-journal",
    "volume": "",
  },
  Object {
    "author": Array [
      Object {
        "family": "Coleman",
        "given": "R",
        "objectType": "MPBibliographicName",
      },
      Object {
        "family": "Woodrooffe",
        "given": "A",
        "objectType": "MPBibliographicName",
      },
      Object {
        "family": "Clark",
        "given": "K",
        "objectType": "MPBibliographicName",
      },
      Object {
        "family": "Toris",
        "given": "C",
        "objectType": "MPBibliographicName",
      },
      Object {
        "family": "Fan",
        "given": "S",
        "objectType": "MPBibliographicName",
      },
      Object {
        "family": "Wang",
        "given": "J",
        "objectType": "MPBibliographicName",
      },
      Object {
        "family": "Woodward",
        "given": "D",
        "objectType": "MPBibliographicName",
      },
    ],
    "objectType": "MPBibliographyItem",
    "source": "British Journal of Pharmacology",
    "title": "The affinity, intrinsic activity and selectivity of a structurally novel EP 2 receptor agonist at human prostanoid receptors",
    "type": "article-journal",
    "volume": "",
  },
  Object {
    "author": Array [
      Object {
        "family": "El-Shabrawi",
        "given": "Yosuf",
        "objectType": "MPBibliographicName",
      },
      Object {
        "family": "Eckhardt",
        "given": "Martin",
        "objectType": "MPBibliographicName",
      },
      Object {
        "family": "Berghold",
        "given": "Andrea",
        "objectType": "MPBibliographicName",
      },
      Object {
        "family": "Faulborn",
        "given": "Jürgen",
        "objectType": "MPBibliographicName",
      },
      Object {
        "family": "Auboeck",
        "given": "Ludwig",
        "objectType": "MPBibliographicName",
      },
      Object {
        "family": "Mangge",
        "given": "Harald",
        "objectType": "MPBibliographicName",
      },
      Object {
        "family": "Ardjomand",
        "given": "Navid",
        "objectType": "MPBibliographicName",
      },
    ],
    "objectType": "MPBibliographyItem",
    "source": "Eye",
    "title": "Synthesis pattern of matrix metalloproteinases (MMPs) and inhibitors (TIMPs) in human explant organ cultures after treatment with latanoprost and dexamethasone",
    "type": "article-journal",
    "volume": "",
  },
  Object {
    "author": Array [
      Object {
        "family": "Förster",
        "given": "Carola",
        "objectType": "MPBibliographicName",
      },
      Object {
        "family": "Kahles",
        "given": "Timo",
        "objectType": "MPBibliographicName",
      },
      Object {
        "family": "Kietz",
        "given": "Silke",
        "objectType": "MPBibliographicName",
      },
      Object {
        "family": "Drenckhahn",
        "given": "Detlev",
        "objectType": "MPBibliographicName",
      },
    ],
    "objectType": "MPBibliographyItem",
    "source": "The Journal of Physiology",
    "title": "Dexamethasone induces the expression of metalloproteinase inhibitor TIMP-1 in the murine cerebral vascular endothelial cell line cEND",
    "type": "article-journal",
    "volume": "",
  },
  Object {
    "author": Array [
      Object {
        "family": "Fuwa",
        "given": "Masahiro",
        "objectType": "MPBibliographicName",
      },
      Object {
        "family": "Toris",
        "given": "Carol",
        "objectType": "MPBibliographicName",
      },
      Object {
        "family": "Fan",
        "given": "Shan",
        "objectType": "MPBibliographicName",
      },
      Object {
        "family": "Taniguchi",
        "given": "Takazumi",
        "objectType": "MPBibliographicName",
      },
      Object {
        "family": "Ichikawa",
        "given": "Masaki",
        "objectType": "MPBibliographicName",
      },
      Object {
        "family": "Odani-Kawabata",
        "given": "Noriko",
        "objectType": "MPBibliographicName",
      },
      Object {
        "family": "Iwamura",
        "given": "Ryo",
        "objectType": "MPBibliographicName",
      },
      Object {
        "family": "Yoneda",
        "given": "Kenji",
        "objectType": "MPBibliographicName",
      },
      Object {
        "family": "Matsugi",
        "given": "Takeshi",
        "objectType": "MPBibliographicName",
      },
      Object {
        "family": "Shams",
        "given": "Naveed",
        "objectType": "MPBibliographicName",
      },
      Object {
        "family": "Zhang",
        "given": "Jin-Zhong",
        "objectType": "MPBibliographicName",
      },
    ],
    "objectType": "MPBibliographyItem",
    "source": "Journal of Ocular Pharmacology and Therapeutics",
    "title": "Effects of a Novel Selective EP2 Receptor Agonist, Omidenepag Isopropyl, on Aqueous Humor Dynamics in Laser-Induced Ocular Hypertensive Monkeys",
    "type": "article-journal",
    "volume": "",
  },
  Object {
    "author": Array [
      Object {
        "family": "Gerritsen",
        "given": "Mary",
        "objectType": "MPBibliographicName",
      },
      Object {
        "family": "Weinstein",
        "given": "Bernard",
        "objectType": "MPBibliographicName",
      },
      Object {
        "family": "Gordon",
        "given": "Gary",
        "objectType": "MPBibliographicName",
      },
      Object {
        "family": "Southren",
        "given": "A",
        "objectType": "MPBibliographicName",
      },
    ],
    "objectType": "MPBibliographyItem",
    "source": "Experimental Eye Research",
    "title": "Prostaglandin synthesis and release from cultured human trabecular-meshwork cells and scleral fibroblasts",
    "type": "article-journal",
    "volume": "",
  },
  Object {
    "author": Array [
      Object {
        "family": "Gregory",
        "given": "D",
        "objectType": "MPBibliographicName",
      },
      Object {
        "family": "Sears",
        "given": "M",
        "objectType": "MPBibliographicName",
      },
      Object {
        "family": "Bausher",
        "given": "L",
        "objectType": "MPBibliographicName",
      },
      Object {
        "family": "Mishima",
        "given": "H",
        "objectType": "MPBibliographicName",
      },
      Object {
        "family": "Mead",
        "given": "A",
        "objectType": "MPBibliographicName",
      },
    ],
    "objectType": "MPBibliographyItem",
    "source": "Investigative ophthalmology & visual science",
    "title": "Intraocular pressure and aqueous flow are decreased by cholera toxin",
    "type": "article-journal",
    "volume": "",
  },
  Object {
    "author": Array [],
    "objectType": "MPBibliographyItem",
    "source": "Chapter 33 -Synthetic Polymers",
    "title": "",
    "type": "article-journal",
    "volume": "",
  },
  Object {
    "author": Array [
      Object {
        "family": "Hermans",
        "given": "E",
        "objectType": "MPBibliographicName",
      },
    ],
    "objectType": "MPBibliographyItem",
    "source": "Pharmacology and Therapeutics",
    "title": "Biochemical and pharmacological control of the multiplicity of coupling at G-proteincoupled receptors",
    "type": "article-journal",
    "volume": "",
  },
  Object {
    "author": Array [
      Object {
        "family": "Jiang",
        "given": "J",
        "objectType": "MPBibliographicName",
      },
      Object {
        "family": "Ganesh",
        "given": "T",
        "objectType": "MPBibliographicName",
      },
      Object {
        "family": "Du",
        "given": "Y",
        "objectType": "MPBibliographicName",
      },
      Object {
        "family": "Thepchatri",
        "given": "P",
        "objectType": "MPBibliographicName",
      },
      Object {
        "family": "Rojas",
        "given": "A",
        "objectType": "MPBibliographicName",
      },
      Object {
        "family": "Lewis",
        "given": "I",
        "objectType": "MPBibliographicName",
      },
    ],
    "objectType": "MPBibliographyItem",
    "source": "Proc Nat Acad Sci",
    "title": "Neuroprotection by selective allosteric potentiators of the EP2 prostaglandin receptor",
    "type": "article-journal",
    "volume": "",
  },
  Object {
    "author": Array [
      Object {
        "family": "Kandola",
        "given": "Mandeep",
        "objectType": "MPBibliographicName",
      },
      Object {
        "family": "Sykes",
        "given": "Lynne",
        "objectType": "MPBibliographicName",
      },
      Object {
        "family": "Lee",
        "given": "Yun",
        "objectType": "MPBibliographicName",
      },
      Object {
        "family": "Johnson",
        "given": "Mark",
        "objectType": "MPBibliographicName",
      },
      Object {
        "family": "Hanyaloglu",
        "given": "Aylin",
        "objectType": "MPBibliographicName",
      },
      Object {
        "family": "Bennett",
        "given": "Phillip",
        "objectType": "MPBibliographicName",
      },
    ],
    "objectType": "MPBibliographyItem",
    "source": "Endocrinology",
    "title": "EP2 Receptor Activates Dual G Protein Signaling Pathways that Mediate Contrasting Proinflammatory and Relaxatory Responses in Term Pregnant Human Myometrium",
    "type": "article-journal",
    "volume": "",
  },
  Object {
    "author": Array [
      Object {
        "family": "Kennedy Cr Zhang",
        "given": "Y",
        "objectType": "MPBibliographicName",
      },
      Object {
        "family": "Brandon",
        "given": "S",
        "objectType": "MPBibliographicName",
      },
      Object {
        "family": "Guan",
        "given": "Y",
        "objectType": "MPBibliographicName",
      },
      Object {
        "family": "Coffee",
        "given": "K",
        "objectType": "MPBibliographicName",
      },
      Object {
        "family": "Funk",
        "given": "C",
        "objectType": "MPBibliographicName",
      },
    ],
    "objectType": "MPBibliographyItem",
    "source": "Nature medicine . United States",
    "title": "Salt-sensitive hypertension and reduced fertility in mice lacking the prostaglandin EP2 receptor",
    "type": "article-journal",
    "volume": "",
  },
  Object {
    "author": Array [
      Object {
        "family": "Kilkenny",
        "given": "C",
        "objectType": "MPBibliographicName",
      },
      Object {
        "family": "Browne",
        "given": "W",
        "objectType": "MPBibliographicName",
      },
      Object {
        "family": "Cuthill",
        "given": "I",
        "objectType": "MPBibliographicName",
      },
      Object {
        "family": "Emerson",
        "given": "M",
        "objectType": "MPBibliographicName",
      },
      Object {
        "family": "Altma",
        "given": "D",
        "objectType": "MPBibliographicName",
      },
    ],
    "objectType": "MPBibliographyItem",
    "source": "British Journal of Pharmacology",
    "title": "Animal research: reporting in vivo experiments: the ARRIVE guidelines",
    "type": "article-journal",
    "volume": "",
  },
  Object {
    "author": Array [
      Object {
        "family": "Ko",
        "given": "M",
        "objectType": "MPBibliographicName",
      },
      Object {
        "family": "Tan",
        "given": "",
        "objectType": "MPBibliographicName",
      },
    ],
    "objectType": "MPBibliographyItem",
    "source": "Molecular Vision",
    "title": "Contractile markers distinguish structures of the mouse aqueous drainage tract",
    "type": "article-journal",
    "volume": "",
  },
  Object {
    "author": Array [
      Object {
        "family": "Maqsood",
        "given": "U",
        "objectType": "MPBibliographicName",
      },
      Object {
        "family": "Ho",
        "given": "T",
        "objectType": "MPBibliographicName",
      },
      Object {
        "family": "Palmer",
        "given": "K",
        "objectType": "MPBibliographicName",
      },
      Object {
        "family": "Eccles",
        "given": "F",
        "objectType": "MPBibliographicName",
      },
      Object {
        "family": "Munavvar",
        "given": "M",
        "objectType": "MPBibliographicName",
      },
      Object {
        "family": "Wang",
        "given": "R",
        "objectType": "MPBibliographicName",
      },
      Object {
        "family": "Crossingham",
        "given": "I",
        "objectType": "MPBibliographicName",
      },
      Object {
        "family": "Evans",
        "given": "D",
        "objectType": "MPBibliographicName",
      },
    ],
    "objectType": "MPBibliographyItem",
    "source": "Cochrane Database Syst Rev",
    "title": "Once daily long-acting beta2-agonists and long-acting muscarinic antagonists in a combined inhaler versus placebo for chronic obstructive pulmonary disease",
    "type": "article-journal",
    "volume": "",
  },
  Object {
    "author": Array [
      Object {
        "family": "Matrisian",
        "given": "L",
        "objectType": "MPBibliographicName",
      },
    ],
    "objectType": "MPBibliographyItem",
    "source": "Trends in Genetics",
    "title": "Metalloproteinases and their inhibitors in matrix remodeling",
    "type": "article-journal",
    "volume": "",
  },
  Object {
    "author": Array [
      Object {
        "family": "Mccall",
        "given": "Rebecca",
        "objectType": "MPBibliographicName",
      },
      Object {
        "family": "Sirianni",
        "given": "Rachael",
        "objectType": "MPBibliographicName",
      },
    ],
    "objectType": "MPBibliographyItem",
    "source": "Journal of Visualized Experiments",
    "title": "PLGA Nanoparticles Formed by Single- or Double-emulsion with Vitamin E-TPGS",
    "type": "article-journal",
    "volume": "",
  },
  Object {
    "author": Array [
      Object {
        "family": "Mcgrath",
        "given": "John",
        "objectType": "MPBibliographicName",
      },
      Object {
        "family": "Lilley",
        "given": "Elliot",
        "objectType": "MPBibliographicName",
      },
    ],
    "objectType": "MPBibliographyItem",
    "source": "British Journal of Pharmacology",
    "title": "Implementing guidelines on reporting research using animals (ARRIVE etc.): new requirements for publication in BJP",
    "type": "article-journal",
    "volume": "",
  },
  Object {
    "author": Array [
      Object {
        "family": "Mv",
        "given": "Boland",
        "objectType": "MPBibliographicName",
      },
      Object {
        "family": "Chang",
        "given": "D",
        "objectType": "MPBibliographicName",
      },
      Object {
        "family": "Frazier",
        "given": "T",
        "objectType": "MPBibliographicName",
      },
      Object {
        "family": "Plyler",
        "given": "R",
        "objectType": "MPBibliographicName",
      },
      Object {
        "family": "Friedman",
        "given": "D",
        "objectType": "MPBibliographicName",
      },
    ],
    "objectType": "MPBibliographyItem",
    "source": "JAMA Ophthalmology",
    "title": "Electronic monitoring to assess adherence with once-daily glaucoma medications and risk factors for nonadherence: The automated dosing reminder study",
    "type": "article-journal",
    "volume": "",
  },
  Object {
    "author": Array [
      Object {
        "family": "Nilsson Sfe Drecoll",
        "given": "E",
        "objectType": "MPBibliographicName",
      },
      Object {
        "family": "Lütjen-Drecoll",
        "given": "E",
        "objectType": "MPBibliographicName",
      },
      Object {
        "family": "Toris",
        "given": "C",
        "objectType": "MPBibliographicName",
      },
      Object {
        "family": "Krauss",
        "given": "A",
        "objectType": "MPBibliographicName",
      },
      Object {
        "family": "Kharlamb",
        "given": "A",
        "objectType": "MPBibliographicName",
      },
    ],
    "objectType": "MPBibliographyItem",
    "source": "Investigative Ophthalmology and Visual Science",
    "title": "The prostanoid EP2 receptor agonist butaprost increases uveoscleral outflow in the cynomolgus monkey",
    "type": "article-journal",
    "volume": "",
  },
  Object {
    "author": Array [
      Object {
        "family": "Ocklind",
        "given": "A",
        "objectType": "MPBibliographicName",
      },
    ],
    "objectType": "MPBibliographyItem",
    "source": "Experimental Eye Research",
    "title": "Effect of Latanoprost on the Extracellular Matrix of the Ciliary Muscle. A Study on Cultured Cells and Tissue Sections",
    "type": "article-journal",
    "volume": "",
  },
  Object {
    "author": Array [
      Object {
        "family": "Co Quigley",
        "given": "Okeke",
        "objectType": "MPBibliographicName",
      },
      Object {
        "family": "Jampel",
        "given": "H",
        "objectType": "MPBibliographicName",
      },
      Object {
        "family": "Ying",
        "given": "H",
        "objectType": "MPBibliographicName",
      },
      Object {
        "family": "Plyler",
        "given": "G",
        "objectType": "MPBibliographicName",
      },
      Object {
        "family": "Jiang",
        "given": "R",
        "objectType": "MPBibliographicName",
      },
      Object {
        "family": "Friedman",
        "given": "Y",
        "objectType": "MPBibliographicName",
      },
      Object {
        "family": "",
        "given": "D",
        "objectType": "MPBibliographicName",
      },
    ],
    "objectType": "MPBibliographyItem",
    "source": "Ophthalmology",
    "title": "Adherence with Topical Glaucoma Medication Monitored Electronically. The Travatan Dosing Aid Study",
    "type": "article-journal",
    "volume": "",
  },
  Object {
    "author": Array [],
    "objectType": "MPBibliographyItem",
    "source": "Ultrastructural changes associated with dexamethasone-induced ocular hypertension in mice', Investigative Ophthalmology and Visual Science",
    "title": "",
    "type": "article-journal",
    "volume": "",
  },
  Object {
    "author": Array [
      Object {
        "family": "Pierce",
        "given": "Kristen",
        "objectType": "MPBibliographicName",
      },
      Object {
        "family": "Gil",
        "given": "Daniel",
        "objectType": "MPBibliographicName",
      },
      Object {
        "family": "Woodward",
        "given": "David",
        "objectType": "MPBibliographicName",
      },
      Object {
        "family": "Regan",
        "given": "John",
        "objectType": "MPBibliographicName",
      },
    ],
    "objectType": "MPBibliographyItem",
    "source": "Trends in Pharmacological Sciences",
    "title": "Cloning of human prostanoid receptors",
    "type": "article-journal",
    "volume": "",
  },
  Object {
    "author": Array [
      Object {
        "family": "Prasanna",
        "given": "Ganesh",
        "objectType": "MPBibliographicName",
      },
      Object {
        "family": "Carreiro",
        "given": "Samantha",
        "objectType": "MPBibliographicName",
      },
      Object {
        "family": "Anderson",
        "given": "Scott",
        "objectType": "MPBibliographicName",
      },
      Object {
        "family": "Gukasyan",
        "given": "Hovhannes",
        "objectType": "MPBibliographicName",
      },
      Object {
        "family": "Sartnurak",
        "given": "Soisurin",
        "objectType": "MPBibliographicName",
      },
      Object {
        "family": "Younis",
        "given": "Husam",
        "objectType": "MPBibliographicName",
      },
      Object {
        "family": "Gale",
        "given": "David",
        "objectType": "MPBibliographicName",
      },
      Object {
        "family": "Xiang",
        "given": "Cathie",
        "objectType": "MPBibliographicName",
      },
      Object {
        "family": "Wells",
        "given": "Peter",
        "objectType": "MPBibliographicName",
      },
      Object {
        "family": "Dinh",
        "given": "Dac",
        "objectType": "MPBibliographicName",
      },
      Object {
        "family": "Almaden",
        "given": "Chau",
        "objectType": "MPBibliographicName",
      },
      Object {
        "family": "Fortner",
        "given": "Jay",
        "objectType": "MPBibliographicName",
      },
      Object {
        "family": "Toris",
        "given": "Carol",
        "objectType": "MPBibliographicName",
      },
      Object {
        "family": "Niesman",
        "given": "Michael",
        "objectType": "MPBibliographicName",
      },
      Object {
        "family": "Lafontaine",
        "given": "Jennifer",
        "objectType": "MPBibliographicName",
      },
      Object {
        "family": "Krauss",
        "given": "Achim",
        "objectType": "MPBibliographicName",
      },
    ],
    "objectType": "MPBibliographyItem",
    "source": "Experimental Eye Research",
    "title": "Effect of PF-04217329 a prodrug of a selective prostaglandin EP2 agonist on intraocular pressure in preclinical models of glaucoma",
    "type": "article-journal",
    "volume": "",
  },
  Object {
    "author": Array [],
    "objectType": "MPBibliographyItem",
    "source": "Dexamethasone Stiffens Trabecular Meshwork, Trabecular Meshwork Cells, and Matrix.', Investigative ophthalmology & visual science",
    "title": "",
    "type": "article-journal",
    "volume": "",
  },
  Object {
    "author": Array [
      Object {
        "family": "Regan",
        "given": "J",
        "objectType": "MPBibliographicName",
      },
      Object {
        "family": "Bailey",
        "given": "T",
        "objectType": "MPBibliographicName",
      },
      Object {
        "family": "Pepperl",
        "given": "D",
        "objectType": "MPBibliographicName",
      },
      Object {
        "family": "Pierce",
        "given": "K",
        "objectType": "MPBibliographicName",
      },
      Object {
        "family": "Bogardus",
        "given": "A",
        "objectType": "MPBibliographicName",
      },
      Object {
        "family": "Donello",
        "given": "J",
        "objectType": "MPBibliographicName",
      },
    ],
    "objectType": "MPBibliographyItem",
    "source": "Molecular pharmacology",
    "title": "Cloning of a novel human prostaglandin receptor with characteristics of the pharmacologically defined EP2 subtype",
    "type": "article-journal",
    "volume": "",
  },
  Object {
    "author": Array [
      Object {
        "family": "Resnikoff",
        "given": "S",
        "objectType": "MPBibliographicName",
      },
      Object {
        "family": "Pascolini",
        "given": "D",
        "objectType": "MPBibliographicName",
      },
      Object {
        "family": "Etya&apos;ale",
        "given": "D",
        "objectType": "MPBibliographicName",
      },
      Object {
        "family": "Kocur",
        "given": "I",
        "objectType": "MPBibliographicName",
      },
      Object {
        "family": "Pararajasegaram",
        "given": "R",
        "objectType": "MPBibliographicName",
      },
      Object {
        "family": "Pokharel",
        "given": "G",
        "objectType": "MPBibliographicName",
      },
      Object {
        "family": "Mariotti",
        "given": "S",
        "objectType": "MPBibliographicName",
      },
    ],
    "objectType": "MPBibliographyItem",
    "source": "World Health Organ Bulletin",
    "title": "Global data on visual impairment in the year 2002",
    "type": "article-journal",
    "volume": "",
  },
  Object {
    "author": Array [
      Object {
        "family": "Saeki",
        "given": "Tadashiro",
        "objectType": "MPBibliographicName",
      },
      Object {
        "family": "Ota",
        "given": "Takashi",
        "objectType": "MPBibliographicName",
      },
      Object {
        "family": "Aihara",
        "given": "Makoto",
        "objectType": "MPBibliographicName",
      },
      Object {
        "family": "Araie",
        "given": "Makoto",
        "objectType": "MPBibliographicName",
      },
    ],
    "objectType": "MPBibliographyItem",
    "source": "Investigative Opthalmology & Visual Science",
    "title": "Effects of Prostanoid EP Agonists on Mouse Intraocular Pressure",
    "type": "article-journal",
    "volume": "",
  },
  Object {
    "author": Array [
      Object {
        "family": "Sakurai",
        "given": "Mayumi",
        "objectType": "MPBibliographicName",
      },
      Object {
        "family": "Higashide",
        "given": "Tomomi",
        "objectType": "MPBibliographicName",
      },
      Object {
        "family": "Ohkubo",
        "given": "Shinji",
        "objectType": "MPBibliographicName",
      },
      Object {
        "family": "Takeda",
        "given": "Hisashi",
        "objectType": "MPBibliographicName",
      },
      Object {
        "family": "Sugiyama",
        "given": "Kazuhisa",
        "objectType": "MPBibliographicName",
      },
    ],
    "objectType": "MPBibliographyItem",
    "source": "British Journal of Ophthalmology",
    "title": "Association between genetic polymorphisms of the prostaglandin F2α receptor gene, and response to latanoprost in patients with glaucoma and ocular hypertension",
    "type": "article-journal",
    "volume": "",
  },
  Object {
    "author": Array [
      Object {
        "family": "Sambhara",
        "given": "Deepak",
        "objectType": "MPBibliographicName",
      },
      Object {
        "family": "Aref",
        "given": "Ahmad",
        "objectType": "MPBibliographicName",
      },
    ],
    "objectType": "MPBibliographyItem",
    "source": "Therapeutic Advances in Chronic Disease",
    "title": "Glaucoma management: relative value and place in therapy of available drug treatments",
    "type": "article-journal",
    "volume": "",
  },
  Object {
    "author": Array [
      Object {
        "family": "Schachtschabel",
        "given": "Undine",
        "objectType": "MPBibliographicName",
      },
      Object {
        "family": "Lindsey",
        "given": "James",
        "objectType": "MPBibliographicName",
      },
      Object {
        "family": "Weinreb",
        "given": "Robert",
        "objectType": "MPBibliographicName",
      },
    ],
    "objectType": "MPBibliographyItem",
    "source": "Current Opinion in Ophthalmology",
    "title": "The mechanism of action of prostaglandins on uveoscleral outflow",
    "type": "article-journal",
    "volume": "",
  },
  Object {
    "author": Array [
      Object {
        "family": "Scherer",
        "given": "W",
        "objectType": "MPBibliographicName",
      },
    ],
    "objectType": "MPBibliographyItem",
    "source": "Journal of Ocular Pharmacology and Therapeutics",
    "title": "A Retrospective Review of Non-Responders to Latanoprost",
    "type": "article-journal",
    "volume": "",
  },
  Object {
    "author": Array [
      Object {
        "family": "Schneider",
        "given": "Caroline",
        "objectType": "MPBibliographicName",
      },
      Object {
        "family": "Rasband",
        "given": "Wayne",
        "objectType": "MPBibliographicName",
      },
      Object {
        "family": "Eliceiri",
        "given": "Kevin",
        "objectType": "MPBibliographicName",
      },
    ],
    "objectType": "MPBibliographyItem",
    "source": "Nature Methods",
    "title": "NIH Image to ImageJ: 25 years of image analysis",
    "type": "article-journal",
    "volume": "",
  },
  Object {
    "author": Array [
      Object {
        "family": "Sherwood",
        "given": "Joseph",
        "objectType": "MPBibliographicName",
      },
      Object {
        "family": "Reina-Torres",
        "given": "Ester",
        "objectType": "MPBibliographicName",
      },
      Object {
        "family": "Bertrand",
        "given": "Jacques",
        "objectType": "MPBibliographicName",
      },
      Object {
        "family": "Rowe",
        "given": "Barnaby",
        "objectType": "MPBibliographicName",
      },
      Object {
        "family": "Overby",
        "given": "Darryl",
        "objectType": "MPBibliographicName",
      },
    ],
    "objectType": "MPBibliographyItem",
    "source": "PLOS ONE",
    "title": "Measurement of Outflow Facility Using iPerfusion",
    "type": "article-journal",
    "volume": "",
  },
  Object {
    "author": Array [
      Object {
        "family": "Shim",
        "given": "Myoung",
        "objectType": "MPBibliographicName",
      },
      Object {
        "family": "Kim",
        "given": "Keun-Young",
        "objectType": "MPBibliographicName",
      },
      Object {
        "family": "Ju",
        "given": "Won-Kyu",
        "objectType": "MPBibliographicName",
      },
    ],
    "objectType": "MPBibliographyItem",
    "source": "BMB Reports",
    "title": "Role of cyclic AMP in the eye with glaucoma",
    "type": "article-journal",
    "volume": "",
  },
  Object {
    "author": Array [
      Object {
        "family": "Sleath",
        "given": "B",
        "objectType": "MPBibliographicName",
      },
      Object {
        "family": "Blalock",
        "given": "S",
        "objectType": "MPBibliographicName",
      },
      Object {
        "family": "Covert",
        "given": "D",
        "objectType": "MPBibliographicName",
      },
      Object {
        "family": "Skinner",
        "given": "A",
        "objectType": "MPBibliographicName",
      },
      Object {
        "family": "Muir",
        "given": "K",
        "objectType": "MPBibliographicName",
      },
      Object {
        "family": "Robin",
        "given": "A",
        "objectType": "MPBibliographicName",
      },
    ],
    "objectType": "MPBibliographyItem",
    "source": "Opthalmology",
    "title": "",
    "type": "article-journal",
    "volume": "",
  },
  Object {
    "author": Array [
      Object {
        "family": "Stallaert",
        "given": "Wayne",
        "objectType": "MPBibliographicName",
      },
      Object {
        "family": "Christopoulos",
        "given": "Arthur",
        "objectType": "MPBibliographicName",
      },
      Object {
        "family": "Bouvier",
        "given": "Michel",
        "objectType": "MPBibliographicName",
      },
    ],
    "objectType": "MPBibliographyItem",
    "source": "Expert Opinion on Drug Discovery",
    "title": "Ligand functional selectivity and quantitative pharmacology at G protein-coupled receptors",
    "type": "article-journal",
    "volume": "",
  },
  Object {
    "author": Array [
      Object {
        "family": "Tamboli",
        "given": "Viral",
        "objectType": "MPBibliographicName",
      },
      Object {
        "family": "Mishra",
        "given": "Gyan",
        "objectType": "MPBibliographicName",
      },
      Object {
        "family": "Mitra",
        "given": "Ashim",
        "objectType": "MPBibliographicName",
      },
    ],
    "objectType": "MPBibliographyItem",
    "source": "Colloid and Polymer Science",
    "title": "Novel pentablock copolymer (PLA–PCL–PEG–PCL–PLA)-based nanoparticles for controlled drug delivery: effect of copolymer compositions on the crystallinity of copolymers and in vitro drug release profile from nanoparticles",
    "type": "article-journal",
    "volume": "",
  },
  Object {
    "author": Array [
      Object {
        "family": "Tamm",
        "given": "Ernst",
        "objectType": "MPBibliographicName",
      },
      Object {
        "family": "Lütjen-Drecoll",
        "given": "Elke",
        "objectType": "MPBibliographicName",
      },
    ],
    "objectType": "MPBibliographyItem",
    "source": "Microscopy Research and Technique",
    "title": "Ciliary body",
    "type": "article-journal",
    "volume": "",
  },
  Object {
    "author": Array [
      Object {
        "family": "Wang",
        "given": "Ke",
        "objectType": "MPBibliographicName",
      },
      Object {
        "family": "Li",
        "given": "Guorong",
        "objectType": "MPBibliographicName",
      },
      Object {
        "family": "Read",
        "given": "A",
        "objectType": "MPBibliographicName",
      },
      Object {
        "family": "Navarro",
        "given": "Iris",
        "objectType": "MPBibliographicName",
      },
      Object {
        "family": "Mitra",
        "given": "Ashim",
        "objectType": "MPBibliographicName",
      },
      Object {
        "family": "Stamer",
        "given": "W",
        "objectType": "MPBibliographicName",
      },
      Object {
        "family": "Sulchek",
        "given": "Todd",
        "objectType": "MPBibliographicName",
      },
      Object {
        "family": "Ethier",
        "given": "C",
        "objectType": "MPBibliographicName",
      },
    ],
    "objectType": "MPBibliographyItem",
    "source": "Scientific Reports",
    "title": "The relationship between outflow resistance and trabecular meshwork stiffness in mice",
    "type": "article-journal",
    "volume": "",
  },
  Object {
    "author": Array [
      Object {
        "family": "Wendell",
        "given": "Stacy",
        "objectType": "MPBibliographicName",
      },
      Object {
        "family": "Fan",
        "given": "Hao",
        "objectType": "MPBibliographicName",
      },
      Object {
        "family": "Zhang",
        "given": "Cheng",
        "objectType": "MPBibliographicName",
      },
    ],
    "objectType": "MPBibliographyItem",
    "source": "Pharmacological Reviews",
    "title": "G Protein–Coupled Receptors in Asthma Therapy: Pharmacology and Drug Action",
    "type": "article-journal",
    "volume": "",
  },
  Object {
    "author": Array [
      Object {
        "family": "Winkler",
        "given": "Nelson",
        "objectType": "MPBibliographicName",
      },
      Object {
        "family": "Fautsch",
        "given": "Michael",
        "objectType": "MPBibliographicName",
      },
    ],
    "objectType": "MPBibliographyItem",
    "source": "Journal of Ocular Pharmacology and Therapeutics",
    "title": "Effects of Prostaglandin Analogues on Aqueous Humor Outflow Pathways",
    "type": "article-journal",
    "volume": "",
  },
  Object {
    "author": Array [
      Object {
        "family": "Wold",
        "given": "Eric",
        "objectType": "MPBibliographicName",
      },
      Object {
        "family": "Chen",
        "given": "Jianping",
        "objectType": "MPBibliographicName",
      },
      Object {
        "family": "Cunningham",
        "given": "Kathryn",
        "objectType": "MPBibliographicName",
      },
      Object {
        "family": "Zhou",
        "given": "Jia",
        "objectType": "MPBibliographicName",
      },
    ],
    "objectType": "MPBibliographyItem",
    "source": "Journal of Medicinal Chemistry",
    "title": "Allosteric Modulation of Class A GPCRs: Targets, Agents, and Emerging Concepts",
    "type": "article-journal",
    "volume": "",
  },
  Object {
    "author": Array [
      Object {
        "family": "Woodward",
        "given": "David",
        "objectType": "MPBibliographicName",
      },
      Object {
        "family": "Wang",
        "given": "Jenny",
        "objectType": "MPBibliographicName",
      },
      Object {
        "family": "Coleman",
        "given": "Robert",
        "objectType": "MPBibliographicName",
      },
      Object {
        "family": "Woodrooffe",
        "given": "Amanda",
        "objectType": "MPBibliographicName",
      },
      Object {
        "family": "Clark",
        "given": "Kenneth",
        "objectType": "MPBibliographicName",
      },
      Object {
        "family": "Stamer",
        "given": "W",
        "objectType": "MPBibliographicName",
      },
      Object {
        "family": "Tao",
        "given": "Guoxian",
        "objectType": "MPBibliographicName",
      },
      Object {
        "family": "Fan",
        "given": "Shan",
        "objectType": "MPBibliographicName",
      },
      Object {
        "family": "Toris",
        "given": "Carol",
        "objectType": "MPBibliographicName",
      },
    ],
    "objectType": "MPBibliographyItem",
    "source": "Journal of Ocular Pharmacology and Therapeutics",
    "title": "A Highly Effective and Ultra-Long-Acting Anti-Glaucoma Drug, with a Novel Periorbital Delivery Method",
    "type": "article-journal",
    "volume": "",
  },
  Object {
    "author": Array [
      Object {
        "family": "Woodward",
        "given": "David",
        "objectType": "MPBibliographicName",
      },
      Object {
        "family": "Wang",
        "given": "Jenny",
        "objectType": "MPBibliographicName",
      },
      Object {
        "family": "Stamer",
        "given": "W",
        "objectType": "MPBibliographicName",
      },
      Object {
        "family": "Lütjen-Drecoll",
        "given": "E",
        "objectType": "MPBibliographicName",
      },
      Object {
        "family": "Krauss",
        "given": "Null-",
        "objectType": "MPBibliographicName",
      },
      Object {
        "family": "Toris",
        "given": "Carol",
        "objectType": "MPBibliographicName",
      },
    ],
    "objectType": "MPBibliographyItem",
    "source": "Journal of Ocular Pharmacology and Therapeutics",
    "title": "Antiglaucoma EP2 Agonists: A Long Road That Led Somewhere",
    "type": "article-journal",
    "volume": "",
  },
  Object {
    "author": Array [
      Object {
        "family": "Xu",
        "given": "Jan",
        "objectType": "MPBibliographicName",
      },
      Object {
        "family": "Kim",
        "given": "Gyeong-Moon",
        "objectType": "MPBibliographicName",
      },
      Object {
        "family": "Ahmed",
        "given": "S",
        "objectType": "MPBibliographicName",
      },
      Object {
        "family": "Xu",
        "given": "Jinming",
        "objectType": "MPBibliographicName",
      },
      Object {
        "family": "Yan",
        "given": "Ping",
        "objectType": "MPBibliographicName",
      },
      Object {
        "family": "Xu",
        "given": "Xiao",
        "objectType": "MPBibliographicName",
      },
      Object {
        "family": "Hsu",
        "given": "Chung",
        "objectType": "MPBibliographicName",
      },
    ],
    "objectType": "MPBibliographyItem",
    "source": "The Journal of Neuroscience",
    "title": "Glucocorticoid Receptor-Mediated Suppression of Activator Protein-1 Activation and Matrix Metalloproteinase Expression after Spinal Cord Injury",
    "type": "article-journal",
    "volume": "",
  },
  Object {
    "author": Array [
      Object {
        "family": "Zhou",
        "given": "J",
        "objectType": "MPBibliographicName",
      },
      Object {
        "family": "Patel",
        "given": "T",
        "objectType": "MPBibliographicName",
      },
      Object {
        "family": "Sirianni",
        "given": "R",
        "objectType": "MPBibliographicName",
      },
      Object {
        "family": "Strohbehn",
        "given": "G",
        "objectType": "MPBibliographicName",
      },
      Object {
        "family": "Zheng",
        "given": "M-Q",
        "objectType": "MPBibliographicName",
      },
      Object {
        "family": "Duong",
        "given": "N",
        "objectType": "MPBibliographicName",
      },
      Object {
        "family": "Schafbauer",
        "given": "T",
        "objectType": "MPBibliographicName",
      },
      Object {
        "family": "Huttner",
        "given": "A",
        "objectType": "MPBibliographicName",
      },
      Object {
        "family": "Huang",
        "given": "Y",
        "objectType": "MPBibliographicName",
      },
      Object {
        "family": "Carson",
        "given": "R",
        "objectType": "MPBibliographicName",
      },
      Object {
        "family": "Zhang",
        "given": "Y",
        "objectType": "MPBibliographicName",
      },
      Object {
        "family": "Sullivan",
        "given": "D",
        "objectType": "MPBibliographicName",
      },
      Object {
        "family": "Piepmeier",
        "given": "J",
        "objectType": "MPBibliographicName",
      },
      Object {
        "family": "Saltzman",
        "given": "W",
        "objectType": "MPBibliographicName",
      },
    ],
    "objectType": "MPBibliographyItem",
    "source": "Proceedings of the National Academy of Sciences",
    "title": "Highly penetrative, drug-loaded nanocarriers improve treatment of glioblastoma",
    "type": "article-journal",
    "volume": "",
  },
  Object {
    "author": Array [],
    "objectType": "MPBibliographyItem",
    "source": "Supplemental Figure 1: IOP (A) and outflow facility(B) in Ptger2 +/+ mice andPtger2 -/-littermates",
    "title": "",
    "type": "article-journal",
    "volume": "",
  },
  Object {
    "author": Array [],
    "objectType": "MPBibliographyItem",
    "source": "Representative genotyping result fromPtger2 -/-(300 base pairs) and littermatePtger2 +/+ mice (165 base pairs), ladder is 1 kb. The presentation of data in panels A and B is as described in Figures 1 and 2 of the main text",
    "title": "",
    "type": "article-journal",
    "volume": "",
  },
  Object {
    "author": Array [],
    "objectType": "MPBibliographyItem",
    "source": "Supplemental Figure",
    "title": "A) IOP elevation in response to dexamethasone loaded nanoparticles. (B) Body weight of the mice was unaffected by the steroids, increasing from a mean of 25.7 [25, 26] grams to 27.9 [27, 29] grams over the duration of the study. The presentation of data in panels A and B is as described in Figures 1 and 2 of the main text",
    "type": "article-journal",
    "volume": "",
  },
  Object {
    "author": Array [],
    "objectType": "MPBibliographyItem",
    "source": "IOP elevation in response to dexamethasone loaded nanoparticles forPtger2 -/-and littermatePtger2 +/+ mice. (B) Body weight of the mice was unaffected by the steroids. The presentation of data in panels A and B is as described in Figures 1 and 2 of the main text",
    "title": "",
    "type": "article-journal",
    "volume": "",
  },
]
`;
